/home/volodymyr/uv_isaaclab_test/env_isaaclab/lib/python3.10/site-packages/wandb/sdk/internal/internal_api.py:13: UserWarning: pkg_resources is deprecated as an API. See https://setuptools.pypa.io/en/latest/pkg_resources.html. The pkg_resources package is slated for removal as early as 2025-11-30. Refrain from using this package or pin to Setuptools<81.
  from pkg_resources import parse_version
wandb: Currently logged in as: nomadflamingo (ndfl-uw). Use `wandb login --relogin` to force relogin
/home/volodymyr/uv_isaaclab_test/env_isaaclab/lib/python3.10/site-packages/wandb/sdk/internal/internal_api.py:13: UserWarning: pkg_resources is deprecated as an API. See https://setuptools.pypa.io/en/latest/pkg_resources.html. The pkg_resources package is slated for removal as early as 2025-11-30. Refrain from using this package or pin to Setuptools<81.
  from pkg_resources import parse_version
wandb: wandb version 0.26.1 is available!  To upgrade, please run:
wandb:  $ pip install wandb --upgrade
wandb: Tracking run with wandb version 0.12.21
wandb: Run data is saved locally in /home/volodymyr/a_working/diffusion_playground/neupl/wandb/run-20260430_143642-1f1t8bff
wandb: Run `wandb offline` to turn off syncing.
wandb: Syncing run neupl_discrete_mixed_psro_nash_s42
wandb: ⭐️ View project at https://wandb.ai/ndfl-uw/neupl-cartesian
wandb: 🚀 View run at https://wandb.ai/ndfl-uw/neupl-cartesian/runs/1f1t8bff

============================================================
  NeuPL (psro_nash, N=64, model=discrete_mixed)
============================================================
  Discretized Nash value: 0.0000 | row support=2 bins | col support=2 bins
  Saved: cartesian_sweep_results/neupl_discrete_mixed/cartesian_discretized_nash.png
  Anchor slot 0: x=-1.200, y=1.500
  [psro_nash iter 50/300]
  [psro_nash iter 100/300]
  [psro_nash iter 150/300]
  [psro_nash iter 200/300]
  [psro_nash iter 250/300]
  [psro_nash iter 300/300]

  Final slot summaries for [NeuPL-psro_nash]:
    slot 0: x=-1.2000, y=1.5000, value=-0.0877
    slot 1: x=-2.5456, y=0.0478, value=0.9792
    slot 2: x=-2.5471, y=0.0005, value=-0.0151
    slot 3: x=-2.5461, y=0.0005, value=-0.9792
    slot 4: x=-0.6709, y=-0.0168, value=-0.9210
    slot 5: x=-0.5126, y=-0.0025, value=-0.6171
    slot 6: x=-0.5305, y=-0.0121, value=-0.9643
    slot 7: x=1.8187, y=0.0584, value=0.9757
    slot 8: x=1.4000, y=0.1027, value=0.9754
    slot 9: x=2.4570, y=-0.0087, value=0.9789
    slot 10: x=1.1891, y=0.0132, value=-0.2211
    slot 11: x=1.1712, y=0.0818, value=0.9656
    slot 12: x=2.5360, y=0.0435, value=0.9161
    slot 13: x=0.5608, y=0.0560, value=-0.9645
    slot 14: x=-1.0853, y=0.0103, value=-0.4202
    slot 15: x=2.5484, y=0.0349, value=0.9787
    slot 16: x=2.5162, y=0.0763, value=0.9696
    slot 17: x=0.8842, y=-0.0197, value=0.9711
    slot 18: x=1.6624, y=-0.0182, value=-0.9750
    slot 19: x=1.9856, y=-0.0493, value=0.9771
    slot 20: x=1.9688, y=0.0381, value=-0.9204
    slot 21: x=-0.5558, y=-0.0072, value=-0.9446
    slot 22: x=0.5228, y=0.0018, value=0.9549
    slot 23: x=2.4011, y=0.0427, value=0.9777
    slot 24: x=0.5211, y=-0.0423, value=0.7356
    slot 25: x=2.4328, y=0.0054, value=0.9789
    slot 26: x=-0.4312, y=0.0218, value=-0.6028
    slot 27: x=-2.9182, y=-0.0001, value=-0.4123
    slot 28: x=1.2757, y=-0.0579, value=0.9734
    slot 29: x=0.5747, y=0.0590, value=0.4393
    slot 30: x=2.4247, y=-0.0592, value=0.9786
    slot 31: x=0.4833, y=-0.0161, value=0.9532
    slot 32: x=1.1097, y=0.0169, value=0.9740
    slot 33: x=2.4061, y=-0.0800, value=0.9783
    slot 34: x=2.4790, y=-0.0331, value=0.9763
    slot 35: x=2.1140, y=0.0009, value=0.9780
    slot 36: x=2.3939, y=0.0113, value=0.9779
    slot 37: x=0.4631, y=0.0175, value=-0.1670
    slot 38: x=2.4793, y=0.0596, value=0.9771
    slot 39: x=2.3826, y=0.0453, value=0.9780
    slot 40: x=2.4806, y=0.0441, value=0.9576
    slot 41: x=2.5272, y=0.0245, value=0.9786
    slot 42: x=2.4397, y=-0.0259, value=0.9789
    slot 43: x=2.3606, y=-0.0273, value=0.9785
    slot 44: x=2.5357, y=0.0493, value=0.9783
    slot 45: x=0.9678, y=-0.0238, value=-0.2095
    slot 46: x=-0.5486, y=0.0006, value=0.8794
    slot 47: x=-0.6154, y=-0.0082, value=-0.9682
    slot 48: x=1.4674, y=-0.0287, value=0.9096
    slot 49: x=2.4362, y=0.0079, value=0.9787
    slot 50: x=1.0795, y=0.0149, value=0.9765
    slot 51: x=0.6076, y=0.0007, value=0.9722
    slot 52: x=0.5110, y=-0.0671, value=0.7630
    slot 53: x=2.3905, y=-0.0157, value=0.9785
    slot 54: x=0.4244, y=0.0076, value=0.6930
    slot 55: x=0.5034, y=0.0699, value=0.9643
    slot 56: x=2.2613, y=-0.0318, value=-0.1701
    slot 57: x=-0.5605, y=0.0152, value=-0.9150
    slot 58: x=2.5080, y=0.0799, value=0.9725
    slot 59: x=0.1663, y=-0.0319, value=0.0021
    slot 60: x=2.4462, y=-0.1546, value=0.2298
    slot 61: x=2.1593, y=-0.0207, value=0.9769
    slot 62: x=0.5520, y=0.0318, value=0.9176
    slot 63: x=2.2992, y=-0.0055, value=-0.5397
  Saved: cartesian_sweep_results/neupl_discrete_mixed/cartesian_adaptive_landscape.png
  Saved: cartesian_sweep_results/neupl_discrete_mixed/cartesian_adaptive_detail.png
  Saved: cartesian_sweep_results/neupl_discrete_mixed/cartesian_adaptive_density.png

  Final meta-mixture evaluation:
    profile value      = 0.0000
    row BR value       = 0.0000
    col BR value       = -0.0000
    row exploitability = 0.0000
    col exploitability = 0.0000
    exploitability     = 0.0000

  Diversity metrics:
    effective slots    = row 2, col 2
    meta-mix entropy   = row 0.6931, col 0.0823
    pairwise dist      = row 5.0733, col 0.0376
    weighted std       = row 2.5367, col 0.0047

  Nash-closeness metrics:
    value gap |v - v*| = 0.0000
    row density L1     = 2.0000
    col density L1     = 1.9536
    exploitability     = 0.0000

  Mode discovery (row):
    true Nash modes    = 1
    learned modes      = 2
    optimal modes      = 0
    suboptimal modes   = 2
    precision          = 0.0000
    recall             = 0.0000
  Mode discovery (col):
    true Nash modes    = 0
    learned modes      = 0
    optimal modes      = 0
    suboptimal modes   = 0
    precision          = 0.0000
    recall             = 0.0000
  Saved: cartesian_sweep_results/neupl_discrete_mixed/run_summary.npz
wandb: Waiting for W&B process to finish... (success).
wandb: - 0.001 MB of 0.001 MB uploaded (0.000 MB deduped)wandb: \ 0.001 MB of 0.001 MB uploaded (0.000 MB deduped)wandb: | 0.001 MB of 0.001 MB uploaded (0.000 MB deduped)wandb: / 0.001 MB of 0.002 MB uploaded (0.000 MB deduped)wandb: - 0.001 MB of 0.007 MB uploaded (0.000 MB deduped)wandb: \ 0.001 MB of 0.007 MB uploaded (0.000 MB deduped)wandb: | 0.001 MB of 0.007 MB uploaded (0.000 MB deduped)wandb: / 0.007 MB of 0.007 MB uploaded (0.000 MB deduped)wandb: - 0.007 MB of 0.007 MB uploaded (0.000 MB deduped)wandb: \ 0.007 MB of 0.007 MB uploaded (0.000 MB deduped)wandb: | 0.007 MB of 0.007 MB uploaded (0.000 MB deduped)wandb: / 0.007 MB of 0.007 MB uploaded (0.000 MB deduped)wandb: - 0.007 MB of 0.007 MB uploaded (0.000 MB deduped)wandb:                                                                                
wandb: 
wandb: Run history:
wandb:        diversity/col_entropy ▁
wandb:  diversity/col_pairwise_dist ▁
wandb:   diversity/col_weighted_std ▁
wandb:    diversity/n_effective_col ▁
wandb:    diversity/n_effective_row ▁
wandb:        diversity/row_entropy ▁
wandb:  diversity/row_pairwise_dist ▁
wandb:   diversity/row_weighted_std ▁
wandb:         exploit/col_br_value ▁
wandb:              exploit/col_gap ▁
wandb:       exploit/exploitability ▁
wandb:        exploit/profile_value ▁
wandb:         exploit/row_br_value ▁
wandb:              exploit/row_gap ▁
wandb:     modes_col/mode_precision ▁
wandb:        modes_col/mode_recall ▁
wandb:    modes_col/n_learned_modes ▁
wandb:    modes_col/n_optimal_modes ▁
wandb: modes_col/n_suboptimal_modes ▁
wandb:       modes_col/n_true_modes ▁
wandb:     modes_row/mode_precision ▁
wandb:        modes_row/mode_recall ▁
wandb:    modes_row/n_learned_modes ▁
wandb:    modes_row/n_optimal_modes ▁
wandb: modes_row/n_suboptimal_modes ▁
wandb:       modes_row/n_true_modes ▁
wandb:          nash/col_density_l1 ▁
wandb:          nash/exploitability ▁
wandb:          nash/nash_value_gap ▁
wandb:          nash/row_density_l1 ▁
wandb: 
wandb: Run summary:
wandb:        diversity/col_entropy 0.08234
wandb:  diversity/col_pairwise_dist 0.03758
wandb:   diversity/col_weighted_std 0.00473
wandb:    diversity/n_effective_col 2
wandb:    diversity/n_effective_row 2
wandb:        diversity/row_entropy 0.69315
wandb:  diversity/row_pairwise_dist 5.0733
wandb:   diversity/row_weighted_std 2.53665
wandb:         exploit/col_br_value -0.0
wandb:              exploit/col_gap 0.0
wandb:       exploit/exploitability 0.0
wandb:        exploit/profile_value 0.0
wandb:         exploit/row_br_value 0.0
wandb:              exploit/row_gap 0.0
wandb:     modes_col/mode_precision 0.0
wandb:        modes_col/mode_recall 0.0
wandb:    modes_col/n_learned_modes 0.0
wandb:    modes_col/n_optimal_modes 0.0
wandb: modes_col/n_suboptimal_modes 0.0
wandb:       modes_col/n_true_modes 0.0
wandb:     modes_row/mode_precision 0.0
wandb:        modes_row/mode_recall 0.0
wandb:    modes_row/n_learned_modes 2.0
wandb:    modes_row/n_optimal_modes 0.0
wandb: modes_row/n_suboptimal_modes 2.0
wandb:       modes_row/n_true_modes 1.0
wandb:          nash/col_density_l1 1.95359
wandb:          nash/exploitability 0.0
wandb:          nash/nash_value_gap 0.0
wandb:          nash/row_density_l1 2.0
wandb: 
wandb: Synced neupl_discrete_mixed_psro_nash_s42: https://wandb.ai/ndfl-uw/neupl-cartesian/runs/1f1t8bff
wandb: Synced 4 W&B file(s), 0 media file(s), 0 artifact file(s) and 0 other file(s)
wandb: Find logs at: ./wandb/run-20260430_143642-1f1t8bff/logs

Done! All plots saved to: cartesian_sweep_results/neupl_discrete_mixed/
